
[sg_W] Observation window (slots) -- grid [5, 10, 20] (others at default: {'sg_W': 10, 'sg_tau_f': 0.75, 'sg_eps_f': 0.2, 'sg_tau_it': 0.7, 'sg_gamma_it': 1.3, 'sg_tau_ts': 0.5, 'sg_theta_R': 0.6})
  W=5      -> MCC=+1.0000  TP=56 TN=56 FP=0 FN=0  ACC=100.0%  FPR=0.0%  (52.5s)
  W=10     -> MCC=+1.0000  TP=56 TN=56 FP=0 FN=0  ACC=100.0%  FPR=0.0%  (54.9s)
  W=20     -> MCC=+1.0000  TP=56 TN=56 FP=0 FN=0  ACC=100.0%  FPR=0.0%  (56.5s)

[sg_tau_f] S1 PDR threshold -- grid [0.5, 0.6, 0.7] (others at default: {'sg_W': 10, 'sg_tau_f': 0.75, 'sg_eps_f': 0.2, 'sg_tau_it': 0.7, 'sg_gamma_it': 1.3, 'sg_tau_ts': 0.5, 'sg_theta_R': 0.6})
  tau_f=0.5    -> MCC=+0.9800  TP=55 TN=56 FP=0 FN=1  ACC=99.1%  FPR=0.0%  (53.3s)
  tau_f=0.6    -> MCC=+1.0000  TP=56 TN=56 FP=0 FN=0  ACC=100.0%  FPR=0.0%  (54.7s)
  tau_f=0.7    -> MCC=+1.0000  TP=56 TN=56 FP=0 FN=0  ACC=100.0%  FPR=0.0%  (54.8s)

[sg_eps_f] S1 variance bound -- grid [0.1, 0.2, 0.3] (others at default: {'sg_W': 10, 'sg_tau_f': 0.75, 'sg_eps_f': 0.2, 'sg_tau_it': 0.7, 'sg_gamma_it': 1.3, 'sg_tau_ts': 0.5, 'sg_theta_R': 0.6})
  epsilon_f=0.1    -> MCC=+1.0000  TP=56 TN=56 FP=0 FN=0  ACC=100.0%  FPR=0.0%  (56.7s)
  epsilon_f=0.2    -> MCC=+1.0000  TP=56 TN=56 FP=0 FN=0  ACC=100.0%  FPR=0.0%  (56.7s)
  epsilon_f=0.3    -> MCC=+1.0000  TP=56 TN=56 FP=0 FN=0  ACC=100.0%  FPR=0.0%  (54.9s)

[sg_tau_it] S2 per-slot threshold -- grid [0.6, 0.7, 0.8] (others at default: {'sg_W': 10, 'sg_tau_f': 0.75, 'sg_eps_f': 0.2, 'sg_tau_it': 0.7, 'sg_gamma_it': 1.3, 'sg_tau_ts': 0.5, 'sg_theta_R': 0.6})
  tau_it=0.6    -> MCC=+1.0000  TP=56 TN=56 FP=0 FN=0  ACC=100.0%  FPR=0.0%  (54.4s)
  tau_it=0.7    -> MCC=+1.0000  TP=56 TN=56 FP=0 FN=0  ACC=100.0%  FPR=0.0%  (55.5s)
  tau_it=0.8    -> MCC=+1.0000  TP=56 TN=56 FP=0 FN=0  ACC=100.0%  FPR=0.0%  (55.6s)

[sg_gamma_it] S2 autocorrelation -- grid [1.1, 1.3, 1.5] (others at default: {'sg_W': 10, 'sg_tau_f': 0.75, 'sg_eps_f': 0.2, 'sg_tau_it': 0.7, 'sg_gamma_it': 1.3, 'sg_tau_ts': 0.5, 'sg_theta_R': 0.6})
  gamma_it=1.1    -> MCC=+1.0000  TP=56 TN=56 FP=0 FN=0  ACC=100.0%  FPR=0.0%  (56.3s)
  gamma_it=1.3    -> MCC=+1.0000  TP=56 TN=56 FP=0 FN=0  ACC=100.0%  FPR=0.0%  (54.2s)
  gamma_it=1.5    -> MCC=+1.0000  TP=56 TN=56 FP=0 FN=0  ACC=100.0%  FPR=0.0%  (54.2s)

[sg_tau_ts] S3 KL-divergence threshold -- grid [0.3, 0.5, 0.7] (others at default: {'sg_W': 10, 'sg_tau_f': 0.75, 'sg_eps_f': 0.2, 'sg_tau_it': 0.7, 'sg_gamma_it': 1.3, 'sg_tau_ts': 0.5, 'sg_theta_R': 0.6})
  tau_ts=0.3    -> MCC=+1.0000  TP=56 TN=56 FP=0 FN=0  ACC=100.0%  FPR=0.0%  (54.7s)
  tau_ts=0.5    -> MCC=+1.0000  TP=56 TN=56 FP=0 FN=0  ACC=100.0%  FPR=0.0%  (55.7s)
  tau_ts=0.7    -> MCC=+1.0000  TP=56 TN=56 FP=0 FN=0  ACC=100.0%  FPR=0.0%  (55.4s)

[sg_theta_R] DEBSC reputation isolation threshold -- grid [0.3, 0.4, 0.5] (others at default: {'sg_W': 10, 'sg_tau_f': 0.75, 'sg_eps_f': 0.2, 'sg_tau_it': 0.7, 'sg_gamma_it': 1.3, 'sg_tau_ts': 0.5, 'sg_theta_R': 0.6})
  theta_R=0.3    -> MCC=+1.0000  TP=56 TN=56 FP=0 FN=0  ACC=100.0%  FPR=0.0%  (53.8s)
  theta_R=0.4    -> MCC=+1.0000  TP=56 TN=56 FP=0 FN=0  ACC=100.0%  FPR=0.0%  (54.0s)
  theta_R=0.5    -> MCC=+1.0000  TP=56 TN=56 FP=0 FN=0  ACC=100.0%  FPR=0.0%  (54.2s)

[sweep] CSV -> /home/sdvn_ssh/ns-allinone-3.35/ns-3.35/62/scratch/sensitivity_analysis/gh_param_sweep_results.csv

==============================================================================
 BEST VALUE PER PARAMETER (highest CUM M1b MCC, 30s single-point run)
==============================================================================
  W          (Observation window (slots)      ): default=10  best=10  MCC=+1.0000  [unchanged]
  tau_f      (S1 PDR threshold                ): default=0.75  best=0.6  MCC=+1.0000  [CHANGED]
  epsilon_f  (S1 variance bound               ): default=0.2  best=0.2  MCC=+1.0000  [unchanged]
  tau_it     (S2 per-slot threshold           ): default=0.7  best=0.7  MCC=+1.0000  [unchanged]
  gamma_it   (S2 autocorrelation              ): default=1.3  best=1.3  MCC=+1.0000  [unchanged]
  tau_ts     (S3 KL-divergence threshold      ): default=0.5  best=0.5  MCC=+1.0000  [unchanged]
  theta_R    (DEBSC reputation isolation threshold): default=0.6  best=0.4  MCC=+1.0000  [CHANGED]

[sweep] optimal parameters -> /home/sdvn_ssh/ns-allinone-3.35/ns-3.35/62/scratch/sensitivity_analysis/optimal_params.json
[sweep] figure -> /home/sdvn_ssh/ns-allinone-3.35/ns-3.35/62/scratch/sensitivity_analysis/fig7_gh_param_sweep.png

[sweep] DONE. Next: python3 apply_optimal_params.py to write these as the new routing.cc defaults.
